mode: set
cafenetchi-api/internal/validation/auth.go:8.74,11.16 2 1
cafenetchi-api/internal/validation/auth.go:11.16,13.3 1 0
cafenetchi-api/internal/validation/auth.go:14.2,14.19 1 1
cafenetchi-api/internal/validation/auth.go:17.91,20.16 2 1
cafenetchi-api/internal/validation/auth.go:20.16,22.3 1 0
cafenetchi-api/internal/validation/auth.go:24.2,25.16 2 1
cafenetchi-api/internal/validation/auth.go:25.16,27.3 1 0
cafenetchi-api/internal/validation/auth.go:28.2,28.25 1 1
cafenetchi-api/internal/validation/auth.go:32.58,34.17 2 1
cafenetchi-api/internal/validation/auth.go:34.17,36.3 1 1
cafenetchi-api/internal/validation/auth.go:38.2,38.9 1 1
cafenetchi-api/internal/validation/auth.go:39.39,40.26 1 1
cafenetchi-api/internal/validation/auth.go:42.38,43.26 1 1
cafenetchi-api/internal/validation/auth.go:46.2,46.28 1 1
cafenetchi-api/internal/validation/auth.go:46.28,48.3 1 1
cafenetchi-api/internal/validation/auth.go:50.2,50.19 1 1
cafenetchi-api/internal/validation/auth.go:53.40,54.22 1 1
cafenetchi-api/internal/validation/auth.go:54.22,56.3 1 1
cafenetchi-api/internal/validation/auth.go:58.2,58.37 1 1
cafenetchi-api/internal/validation/auth.go:58.37,60.3 1 1
cafenetchi-api/internal/validation/auth.go:62.2,62.27 1 1
cafenetchi-api/internal/validation/auth.go:62.27,63.27 1 1
cafenetchi-api/internal/validation/auth.go:63.27,65.4 1 1
cafenetchi-api/internal/validation/auth.go:68.2,68.13 1 1
cafenetchi-api/internal/validation/auth.go:71.47,73.16 2 1
cafenetchi-api/internal/validation/auth.go:73.16,75.3 1 1
cafenetchi-api/internal/validation/auth.go:77.2,77.20 1 1
cafenetchi-api/internal/validation/auth.go:77.20,79.3 1 1
cafenetchi-api/internal/validation/auth.go:81.2,81.26 1 1
cafenetchi-api/internal/validation/auth.go:81.26,82.27 1 1
cafenetchi-api/internal/validation/auth.go:82.27,84.4 1 1
cafenetchi-api/internal/validation/auth.go:86.2,86.18 1 1
cafenetchi-api/internal/helpers/json.go:14.71,20.41 4 1
cafenetchi-api/internal/helpers/json.go:20.41,24.10 4 1
cafenetchi-api/internal/helpers/json.go:25.31,26.34 1 1
cafenetchi-api/internal/helpers/json.go:27.44,28.34 1 1
cafenetchi-api/internal/helpers/json.go:29.42,30.34 1 1
cafenetchi-api/internal/helpers/json.go:31.37,32.34 1 1
cafenetchi-api/internal/helpers/json.go:33.44,34.34 1 1
cafenetchi-api/internal/helpers/json.go:35.11,36.34 1 0
cafenetchi-api/internal/helpers/json.go:40.2,40.51 1 1
cafenetchi-api/internal/helpers/json.go:40.51,42.3 1 1
cafenetchi-api/internal/helpers/json.go:44.2,44.12 1 1
cafenetchi-api/internal/helpers/json.go:49.91,51.16 2 1
cafenetchi-api/internal/helpers/json.go:51.16,53.3 1 0
cafenetchi-api/internal/helpers/json.go:55.2,55.22 1 1
cafenetchi-api/internal/helpers/json.go:55.22,57.38 1 0
cafenetchi-api/internal/helpers/json.go:57.38,59.4 1 0
cafenetchi-api/internal/helpers/json.go:62.2,64.40 3 1
cafenetchi-api/internal/helpers/json.go:64.40,66.3 1 0
cafenetchi-api/internal/helpers/json.go:67.2,67.12 1 1
cafenetchi-api/internal/helpers/json.go:71.42,76.2 1 1
cafenetchi-api/internal/helpers/json.go:79.47,84.2 1 1
cafenetchi-api/internal/helpers/json.go:87.65,92.2 1 0
cafenetchi-api/internal/helpers/json.go:97.46,99.30 2 0
cafenetchi-api/internal/helpers/json.go:99.30,101.3 1 0
cafenetchi-api/internal/helpers/json.go:102.2,106.4 1 0
cafenetchi-api/internal/otp/service.go:25.27,29.2 1 1
cafenetchi-api/internal/otp/service.go:33.79,35.43 2 1
cafenetchi-api/internal/otp/service.go:35.43,37.3 1 0
cafenetchi-api/internal/otp/service.go:39.2,41.54 2 1
cafenetchi-api/internal/otp/service.go:41.54,43.3 1 1
cafenetchi-api/internal/otp/service.go:44.2,44.18 1 1
cafenetchi-api/internal/otp/service.go:48.75,50.16 2 1
cafenetchi-api/internal/otp/service.go:50.16,51.34 1 1
cafenetchi-api/internal/otp/service.go:51.34,53.4 1 1
cafenetchi-api/internal/otp/service.go:54.3,54.48 1 1
cafenetchi-api/internal/otp/service.go:56.2,56.23 1 1
cafenetchi-api/internal/otp/service.go:56.23,58.3 1 1
cafenetchi-api/internal/otp/service.go:59.2,59.12 1 1
cafenetchi-api/internal/otp/service.go:63.68,64.48 1 1
cafenetchi-api/internal/otp/service.go:64.48,66.3 1 1
cafenetchi-api/internal/otp/service.go:67.2,67.12 1 1
cafenetchi-api/cmd/router.go:28.14,55.38 3 0
cafenetchi-api/cmd/router.go:55.38,58.3 2 0
cafenetchi-api/cmd/router.go:60.2,60.29 1 0
cafenetchi-api/cmd/router.go:60.29,65.3 3 0
cafenetchi-api/cmd/router.go:67.2,67.10 1 0
cafenetchi-api/cmd/server.go:23.13,51.16 8 0
cafenetchi-api/cmd/server.go:51.16,58.3 2 0
cafenetchi-api/cmd/server.go:59.2,64.16 4 0
cafenetchi-api/cmd/server.go:64.16,71.3 2 0
cafenetchi-api/cmd/server.go:72.2,134.12 14 0
cafenetchi-api/cmd/server.go:134.12,140.87 2 0
cafenetchi-api/cmd/server.go:140.87,142.4 1 0
cafenetchi-api/cmd/server.go:143.3,143.19 1 0
cafenetchi-api/cmd/server.go:146.2,146.9 1 0
cafenetchi-api/cmd/server.go:147.26,152.4 1 0
cafenetchi-api/cmd/server.go:153.23,156.4 1 0
cafenetchi-api/cmd/server.go:159.2,162.50 3 0
cafenetchi-api/cmd/server.go:162.50,169.3 2 0
cafenetchi-api/cmd/server.go:171.2,173.3 1 0
cafenetchi-api/internal/mapper/pg.go:5.43,10.2 1 0
cafenetchi-api/internal/mapper/user.go:9.44,19.2 1 0
cafenetchi-api/internal/mapper/user.go:21.61,29.2 1 0
cafenetchi-api/internal/db/generated/db.go:20.28,22.2 1 0
cafenetchi-api/internal/db/generated/db.go:28.46,32.2 1 0
cafenetchi-api/internal/db/generated/users.sql.go:27.87,46.2 4 0
cafenetchi-api/internal/db/generated/users.sql.go:54.76,68.2 4 0
cafenetchi-api/internal/db/generated/users.sql.go:76.83,90.2 4 0
cafenetchi-api/internal/db/generated/users.sql.go:97.66,99.16 2 0
cafenetchi-api/internal/db/generated/users.sql.go:99.16,101.3 1 0
cafenetchi-api/internal/db/generated/users.sql.go:102.2,104.18 3 0
cafenetchi-api/internal/db/generated/users.sql.go:104.18,115.17 2 0
cafenetchi-api/internal/db/generated/users.sql.go:115.17,117.4 1 0
cafenetchi-api/internal/db/generated/users.sql.go:118.3,118.27 1 0
cafenetchi-api/internal/db/generated/users.sql.go:120.2,120.35 1 0
cafenetchi-api/internal/db/generated/users.sql.go:120.35,122.3 1 0
cafenetchi-api/internal/db/generated/users.sql.go:123.2,123.19 1 0
cafenetchi-api/internal/db/generated/users.sql.go:141.87,155.2 4 0
cafenetchi-api/internal/config/config.go:38.37,41.29 2 0
cafenetchi-api/internal/config/config.go:41.29,46.17 3 0
cafenetchi-api/internal/config/config.go:46.17,52.4 1 0
cafenetchi-api/internal/config/config.go:54.2,80.3 2 0
cafenetchi-api/internal/config/config.go:83.41,86.2 1 0
cafenetchi-api/internal/config/config.go:88.32,98.2 1 0
cafenetchi-api/internal/config/config.go:100.64,101.48 1 0
cafenetchi-api/internal/config/config.go:101.48,103.3 1 0
cafenetchi-api/internal/config/config.go:104.2,109.21 2 0
cafenetchi-api/internal/config/db.go:9.70,11.16 2 0
cafenetchi-api/internal/config/db.go:11.16,13.3 1 0
cafenetchi-api/internal/config/db.go:16.2,16.36 1 0
cafenetchi-api/internal/config/db.go:16.36,18.3 1 0
cafenetchi-api/internal/config/db.go:20.2,20.15 1 0
cafenetchi-api/internal/logger/context.go:10.64,13.45 2 0
cafenetchi-api/internal/logger/context.go:13.45,15.3 1 0
cafenetchi-api/internal/logger/context.go:17.2,17.49 1 0
cafenetchi-api/internal/logger/context.go:17.49,19.3 1 0
cafenetchi-api/internal/logger/context.go:21.2,21.25 1 0
cafenetchi-api/internal/logger/logger.go:12.40,16.2 1 0
cafenetchi-api/internal/logger/logger.go:18.27,22.2 1 0
cafenetchi-api/internal/logger/request.go:3.67,4.9 1 0
cafenetchi-api/internal/logger/request.go:5.21,6.25 1 0
cafenetchi-api/internal/logger/request.go:7.21,8.24 1 0
cafenetchi-api/internal/logger/request.go:9.10,10.24 1 0
cafenetchi-api/internal/handler/auth.go:15.36,19.2 1 0
cafenetchi-api/internal/handler/auth.go:21.64,23.53 2 0
cafenetchi-api/internal/handler/auth.go:23.53,26.3 2 0
cafenetchi-api/internal/handler/auth.go:28.2,29.16 2 0
cafenetchi-api/internal/handler/auth.go:29.16,32.3 2 0
cafenetchi-api/internal/handler/auth.go:34.2,34.58 1 0
cafenetchi-api/internal/handler/auth.go:34.58,37.3 2 0
cafenetchi-api/internal/handler/auth.go:39.2,44.24 2 0
cafenetchi-api/internal/handler/auth.go:48.66,50.53 2 0
cafenetchi-api/internal/handler/auth.go:50.53,53.3 2 0
cafenetchi-api/internal/handler/auth.go:55.2,56.16 2 0
cafenetchi-api/internal/handler/auth.go:56.16,59.3 2 0
cafenetchi-api/internal/handler/auth.go:61.2,62.16 2 0
cafenetchi-api/internal/handler/auth.go:62.16,65.3 2 0
cafenetchi-api/internal/handler/auth.go:67.2,70.22 3 0
cafenetchi-api/internal/handler/auth.go:70.22,73.3 2 0
cafenetchi-api/internal/handler/auth.go:76.2,79.4 1 0
cafenetchi-api/internal/handler/user.go:20.54,25.2 1 0
cafenetchi-api/internal/handler/user.go:27.59,30.9 3 0
cafenetchi-api/internal/handler/user.go:31.50,32.42 1 0
cafenetchi-api/internal/handler/user.go:33.10,34.44 1 0
cafenetchi-api/internal/handler/user.go:37.2,37.18 1 0
cafenetchi-api/internal/handler/user.go:40.65,43.53 2 0
cafenetchi-api/internal/handler/user.go:43.53,46.3 2 0
cafenetchi-api/internal/handler/user.go:48.2,54.16 3 0
cafenetchi-api/internal/handler/user.go:54.16,57.3 2 0
cafenetchi-api/internal/handler/user.go:59.2,59.39 1 0
cafenetchi-api/internal/redis/otp_store.go:18.68,23.2 1 0
cafenetchi-api/internal/redis/otp_store.go:26.34,28.2 1 0
cafenetchi-api/internal/redis/otp_store.go:31.75,33.2 1 0
cafenetchi-api/internal/redis/otp_store.go:36.80,38.16 2 0
cafenetchi-api/internal/redis/otp_store.go:38.16,39.30 1 0
cafenetchi-api/internal/redis/otp_store.go:39.30,41.4 1 0
cafenetchi-api/internal/redis/otp_store.go:42.3,42.17 1 0
cafenetchi-api/internal/redis/otp_store.go:44.2,44.18 1 0
cafenetchi-api/internal/redis/otp_store.go:48.70,50.2 1 0
cafenetchi-api/internal/redis/redis.go:16.75,25.53 2 0
cafenetchi-api/internal/redis/redis.go:25.53,28.3 2 0
cafenetchi-api/internal/redis/redis.go:30.2,30.40 1 0
cafenetchi-api/internal/redis/redis.go:33.32,35.2 1 0
cafenetchi-api/internal/redis/retelimit_store.go:23.17,30.2 1 0
cafenetchi-api/internal/redis/retelimit_store.go:32.45,34.2 1 0
cafenetchi-api/internal/redis/retelimit_store.go:36.92,40.16 3 0
cafenetchi-api/internal/redis/retelimit_store.go:40.16,42.3 1 0
cafenetchi-api/internal/redis/retelimit_store.go:45.2,45.16 1 0
cafenetchi-api/internal/redis/retelimit_store.go:45.16,46.77 1 0
cafenetchi-api/internal/redis/retelimit_store.go:46.77,48.4 1 0
cafenetchi-api/internal/redis/retelimit_store.go:52.2,52.22 1 0
cafenetchi-api/internal/redis/retelimit_store.go:52.22,54.3 1 0
cafenetchi-api/internal/redis/retelimit_store.go:57.2,58.16 2 0
cafenetchi-api/internal/redis/retelimit_store.go:58.16,60.3 1 0
cafenetchi-api/internal/redis/retelimit_store.go:62.2,62.24 1 0
cafenetchi-api/internal/types/errors.go:11.34,13.2 1 0
cafenetchi-api/internal/sms/kavenegar.go:20.50,25.2 1 0
cafenetchi-api/internal/sms/kavenegar.go:27.52,30.2 2 0
cafenetchi-api/internal/sms/kavenegar.go:32.61,34.2 1 0
cafenetchi-api/internal/sms/kavenegar.go:36.55,37.90 1 0
cafenetchi-api/internal/sms/kavenegar.go:37.90,39.3 1 0
cafenetchi-api/internal/sms/kavenegar.go:40.2,40.12 1 0
cafenetchi-api/internal/utils/jwt.go:30.105,48.2 4 0
cafenetchi-api/internal/utils/jwt.go:59.66,65.39 2 0
cafenetchi-api/internal/utils/jwt.go:65.39,66.59 1 0
cafenetchi-api/internal/utils/jwt.go:66.59,68.5 1 0
cafenetchi-api/internal/utils/jwt.go:69.4,69.33 1 0
cafenetchi-api/internal/utils/jwt.go:73.2,73.16 1 0
cafenetchi-api/internal/utils/jwt.go:73.16,75.3 1 0
cafenetchi-api/internal/utils/jwt.go:77.2,77.18 1 0
cafenetchi-api/internal/utils/jwt.go:77.18,79.3 1 0
cafenetchi-api/internal/utils/jwt.go:81.2,81.20 1 0
cafenetchi-api/internal/contextx/request_id.go:9.75,11.2 1 1
cafenetchi-api/internal/contextx/request_id.go:13.44,16.2 2 1
cafenetchi-api/internal/contextx/user_id.go:7.68,9.2 1 1
cafenetchi-api/internal/contextx/user_id.go:11.40,14.2 2 1
cafenetchi-api/internal/middleware/auth.go:12.63,13.46 1 1
cafenetchi-api/internal/middleware/auth.go:13.46,14.72 1 1
cafenetchi-api/internal/middleware/auth.go:14.72,16.43 2 1
cafenetchi-api/internal/middleware/auth.go:16.43,19.5 2 1
cafenetchi-api/internal/middleware/auth.go:21.4,23.18 3 1
cafenetchi-api/internal/middleware/auth.go:23.18,26.5 2 0
cafenetchi-api/internal/middleware/auth.go:28.4,30.41 2 1
cafenetchi-api/internal/middleware/logger.go:13.77,14.46 1 0
cafenetchi-api/internal/middleware/logger.go:14.46,15.72 1 0
cafenetchi-api/internal/middleware/logger.go:15.72,34.4 5 0
cafenetchi-api/internal/middleware/ratelimiter.go:11.73,12.46 1 1
cafenetchi-api/internal/middleware/ratelimiter.go:12.46,13.72 1 1
cafenetchi-api/internal/middleware/ratelimiter.go:13.72,20.18 3 1
cafenetchi-api/internal/middleware/ratelimiter.go:20.18,23.5 2 1
cafenetchi-api/internal/middleware/ratelimiter.go:25.4,25.16 1 1
cafenetchi-api/internal/middleware/ratelimiter.go:25.16,29.5 3 1
cafenetchi-api/internal/middleware/ratelimiter.go:31.4,31.24 1 1
cafenetchi-api/internal/middleware/request_id.go:14.48,15.71 1 0
cafenetchi-api/internal/middleware/request_id.go:15.71,18.22 2 0
cafenetchi-api/internal/middleware/request_id.go:18.22,20.4 1 0
cafenetchi-api/internal/middleware/request_id.go:22.3,23.40 2 0
cafenetchi-api/internal/repository/user.go:37.34,39.2 1 0
cafenetchi-api/internal/repository/user.go:41.72,43.16 2 0
cafenetchi-api/internal/repository/user.go:43.16,44.36 1 0
cafenetchi-api/internal/repository/user.go:44.36,46.4 1 0
cafenetchi-api/internal/repository/user.go:47.3,47.18 1 0
cafenetchi-api/internal/repository/user.go:49.2,49.38 1 0
cafenetchi-api/internal/repository/user.go:52.83,54.16 2 0
cafenetchi-api/internal/repository/user.go:54.16,55.36 1 0
cafenetchi-api/internal/repository/user.go:55.36,57.4 1 0
cafenetchi-api/internal/repository/user.go:58.3,58.18 1 0
cafenetchi-api/internal/repository/user.go:60.2,60.38 1 0
cafenetchi-api/internal/repository/user.go:63.79,67.16 2 0
cafenetchi-api/internal/repository/user.go:67.16,69.29 2 0
cafenetchi-api/internal/repository/user.go:69.29,70.22 1 0
cafenetchi-api/internal/repository/user.go:71.17,72.31 1 0
cafenetchi-api/internal/repository/user.go:75.3,75.18 1 0
cafenetchi-api/internal/repository/user.go:77.2,77.38 1 0
cafenetchi-api/internal/repository/user.go:80.98,92.16 2 0
cafenetchi-api/internal/repository/user.go:92.16,94.3 1 0
cafenetchi-api/internal/repository/user.go:95.2,95.38 1 0
cafenetchi-api/internal/service/auth.go:37.105,46.2 1 1
cafenetchi-api/internal/service/auth.go:48.65,54.36 2 1
cafenetchi-api/internal/service/auth.go:54.36,56.3 1 1
cafenetchi-api/internal/service/auth.go:57.2,58.16 2 1
cafenetchi-api/internal/service/auth.go:58.16,65.3 2 1
cafenetchi-api/internal/service/auth.go:67.2,67.51 1 1
cafenetchi-api/internal/service/auth.go:67.51,74.3 2 1
cafenetchi-api/internal/service/auth.go:76.2,76.12 1 1
cafenetchi-api/internal/service/auth.go:80.90,83.60 2 1
cafenetchi-api/internal/service/auth.go:83.60,84.10 1 1
cafenetchi-api/internal/service/auth.go:85.39,86.35 1 1
cafenetchi-api/internal/service/auth.go:87.40,88.35 1 0
cafenetchi-api/internal/service/auth.go:89.11,94.5 1 0
cafenetchi-api/internal/service/auth.go:96.3,96.38 1 0
cafenetchi-api/internal/service/auth.go:99.2,107.16 3 1
cafenetchi-api/internal/service/auth.go:107.17,109.3 0 1
cafenetchi-api/internal/service/auth.go:109.8,109.55 1 1
cafenetchi-api/internal/service/auth.go:109.55,112.17 2 1
cafenetchi-api/internal/service/auth.go:112.17,122.4 2 0
cafenetchi-api/internal/service/auth.go:124.3,129.4 2 1
cafenetchi-api/internal/service/auth.go:131.8,139.3 2 0
cafenetchi-api/internal/service/auth.go:141.2,148.16 2 1
cafenetchi-api/internal/service/auth.go:148.16,155.3 2 0
cafenetchi-api/internal/service/auth.go:157.2,164.53 2 1
cafenetchi-api/internal/service/auth.go:164.53,172.3 2 0
cafenetchi-api/internal/service/auth.go:174.2,178.8 1 1
cafenetchi-api/internal/service/user.go:21.56,26.2 1 0
cafenetchi-api/internal/service/user.go:28.76,30.16 2 0
cafenetchi-api/internal/service/user.go:30.16,32.3 1 0
cafenetchi-api/internal/service/user.go:33.2,33.15 1 0
cafenetchi-api/internal/service/user.go:36.105,38.16 2 0
cafenetchi-api/internal/service/user.go:38.16,40.3 1 0
cafenetchi-api/internal/service/user.go:41.2,41.15 1 0
